Archive member included because of file (symbol)

c:/program files (x86)/gnu tools arm embedded/4.7 2013q1/bin/../lib/gcc/arm-none-eabi/4.7.3/armv7e-m\libgcc.a(_arm_addsubsf3.o)
                              ..\obj\main.o (__aeabi_fadd)
c:/program files (x86)/gnu tools arm embedded/4.7 2013q1/bin/../lib/gcc/arm-none-eabi/4.7.3/armv7e-m\libgcc.a(_arm_muldivsf3.o)
                              ..\obj\main.o (__aeabi_fmul)

Allocating common symbols
Common symbol       size              file

TIM_TimeBaseStructure
                    0xc               ..\obj\main.o
adc_valor_obtenido  0x4               ..\obj\main.o
TIM_OCInitStructure
                    0x14              ..\obj\main.o

Discarded input sections

 .text          0x00000000        0x0 ..\obj\semihosting.o
 .data          0x00000000        0x0 ..\obj\semihosting.o
 .bss           0x00000000       0x14 ..\obj\semihosting.o
 .text.SH_SendChar
                0x00000000       0x9c ..\obj\semihosting.o
 .text.SH_SendString
                0x00000000       0x28 ..\obj\semihosting.o
 .text.SH_GetChar
                0x00000000       0x4c ..\obj\semihosting.o
 .debug_info    0x00000000      0x13e ..\obj\semihosting.o
 .debug_abbrev  0x00000000       0xad ..\obj\semihosting.o
 .debug_loc     0x00000000       0xa8 ..\obj\semihosting.o
 .debug_aranges
                0x00000000       0x30 ..\obj\semihosting.o
 .debug_ranges  0x00000000       0x20 ..\obj\semihosting.o
 .debug_line    0x00000000       0xa2 ..\obj\semihosting.o
 .debug_str     0x00000000      0x14d ..\obj\semihosting.o
 .comment       0x00000000       0x71 ..\obj\semihosting.o
 .ARM.attributes
                0x00000000       0x33 ..\obj\semihosting.o
 .debug_frame   0x00000000       0x70 ..\obj\semihosting.o
 .text          0x00000000        0x0 ..\obj\teclado.o
 .data          0x00000000        0x0 ..\obj\teclado.o
 .text          0x00000000        0x0 ..\obj\startup_stm32f4xx.o
 .data          0x00000000        0x0 ..\obj\startup_stm32f4xx.o
 .bss           0x00000000        0x0 ..\obj\startup_stm32f4xx.o
 .text          0x00000000        0x0 ..\obj\main.o
 .data          0x00000000        0x0 ..\obj\main.o
 .text.arm_pid_f32
                0x00000000       0x88 ..\obj\main.o
 .text          0x00000000        0x0 ..\obj\stm32f4xx_rcc.o
 .data          0x00000000       0x10 ..\obj\stm32f4xx_rcc.o
 .bss           0x00000000        0x0 ..\obj\stm32f4xx_rcc.o
 .text.RCC_DeInit
                0x00000000       0x84 ..\obj\stm32f4xx_rcc.o
 .text.RCC_HSEConfig
                0x00000000       0x30 ..\obj\stm32f4xx_rcc.o
 .text.RCC_WaitForHSEStartUp
                0x00000000       0x64 ..\obj\stm32f4xx_rcc.o
 .text.RCC_AdjustHSICalibrationValue
                0x00000000       0x48 ..\obj\stm32f4xx_rcc.o
 .text.RCC_HSICmd
                0x00000000       0x20 ..\obj\stm32f4xx_rcc.o
 .text.RCC_LSEConfig
                0x00000000       0x60 ..\obj\stm32f4xx_rcc.o
 .text.RCC_LSICmd
                0x00000000       0x20 ..\obj\stm32f4xx_rcc.o
 .text.RCC_PLLConfig
                0x00000000       0x48 ..\obj\stm32f4xx_rcc.o
 .text.RCC_PLLCmd
                0x00000000       0x20 ..\obj\stm32f4xx_rcc.o
 .text.RCC_PLLI2SConfig
                0x00000000       0x30 ..\obj\stm32f4xx_rcc.o
 .text.RCC_PLLI2SCmd
                0x00000000       0x20 ..\obj\stm32f4xx_rcc.o
 .text.RCC_ClockSecuritySystemCmd
                0x00000000       0x20 ..\obj\stm32f4xx_rcc.o
 .text.RCC_MCO1Config
                0x00000000       0x48 ..\obj\stm32f4xx_rcc.o
 .text.RCC_MCO2Config
                0x00000000       0x48 ..\obj\stm32f4xx_rcc.o
 .text.RCC_SYSCLKConfig
                0x00000000       0x40 ..\obj\stm32f4xx_rcc.o
 .text.RCC_GetSYSCLKSource
                0x00000000       0x20 ..\obj\stm32f4xx_rcc.o
 .text.RCC_HCLKConfig
                0x00000000       0x40 ..\obj\stm32f4xx_rcc.o
 .text.RCC_PCLK1Config
                0x00000000       0x40 ..\obj\stm32f4xx_rcc.o
 .text.RCC_PCLK2Config
                0x00000000       0x44 ..\obj\stm32f4xx_rcc.o
 .text.RCC_GetClocksFreq
                0x00000000      0x1cc ..\obj\stm32f4xx_rcc.o
 .text.RCC_RTCCLKConfig
                0x00000000       0x74 ..\obj\stm32f4xx_rcc.o
 .text.RCC_RTCCLKCmd
                0x00000000       0x20 ..\obj\stm32f4xx_rcc.o
 .text.RCC_BackupResetCmd
                0x00000000       0x20 ..\obj\stm32f4xx_rcc.o
 .text.RCC_I2SCLKConfig
                0x00000000       0x20 ..\obj\stm32f4xx_rcc.o
 .text.RCC_AHB2PeriphClockCmd
                0x00000000       0x54 ..\obj\stm32f4xx_rcc.o
 .text.RCC_AHB3PeriphClockCmd
                0x00000000       0x54 ..\obj\stm32f4xx_rcc.o
 .text.RCC_AHB1PeriphResetCmd
                0x00000000       0x54 ..\obj\stm32f4xx_rcc.o
 .text.RCC_AHB2PeriphResetCmd
                0x00000000       0x54 ..\obj\stm32f4xx_rcc.o
 .text.RCC_AHB3PeriphResetCmd
                0x00000000       0x54 ..\obj\stm32f4xx_rcc.o
 .text.RCC_APB1PeriphResetCmd
                0x00000000       0x54 ..\obj\stm32f4xx_rcc.o
 .text.RCC_APB2PeriphResetCmd
                0x00000000       0x54 ..\obj\stm32f4xx_rcc.o
 .text.RCC_AHB1PeriphClockLPModeCmd
                0x00000000       0x54 ..\obj\stm32f4xx_rcc.o
 .text.RCC_AHB2PeriphClockLPModeCmd
                0x00000000       0x54 ..\obj\stm32f4xx_rcc.o
 .text.RCC_AHB3PeriphClockLPModeCmd
                0x00000000       0x54 ..\obj\stm32f4xx_rcc.o
 .text.RCC_APB1PeriphClockLPModeCmd
                0x00000000       0x54 ..\obj\stm32f4xx_rcc.o
 .text.RCC_APB2PeriphClockLPModeCmd
                0x00000000       0x54 ..\obj\stm32f4xx_rcc.o
 .text.RCC_ITConfig
                0x00000000       0x60 ..\obj\stm32f4xx_rcc.o
 .text.RCC_GetFlagStatus
                0x00000000       0x90 ..\obj\stm32f4xx_rcc.o
 .text.RCC_ClearFlag
                0x00000000       0x24 ..\obj\stm32f4xx_rcc.o
 .text.RCC_GetITStatus
                0x00000000       0x40 ..\obj\stm32f4xx_rcc.o
 .text.RCC_ClearITPendingBit
                0x00000000       0x20 ..\obj\stm32f4xx_rcc.o
 .text          0x00000000        0x0 ..\obj\stm32f4xx_it.o
 .data          0x00000000        0x0 ..\obj\stm32f4xx_it.o
 .bss           0x00000000        0x0 ..\obj\stm32f4xx_it.o
 .text          0x00000000        0x0 ..\obj\stm32f4xx_adc.o
 .data          0x00000000        0x0 ..\obj\stm32f4xx_adc.o
 .bss           0x00000000        0x0 ..\obj\stm32f4xx_adc.o
 .text.ADC_DeInit
                0x00000000       0x20 ..\obj\stm32f4xx_adc.o
 .text.ADC_AnalogWatchdogCmd
                0x00000000       0x3c ..\obj\stm32f4xx_adc.o
 .text.ADC_AnalogWatchdogThresholdsConfig
                0x00000000       0x28 ..\obj\stm32f4xx_adc.o
 .text.ADC_AnalogWatchdogSingleChannelConfig
                0x00000000       0x38 ..\obj\stm32f4xx_adc.o
 .text.ADC_TempSensorVrefintCmd
                0x00000000       0x4c ..\obj\stm32f4xx_adc.o
 .text.ADC_VBATCmd
                0x00000000       0x4c ..\obj\stm32f4xx_adc.o
 .text.ADC_RegularChannelConfig
                0x00000000      0x1bc ..\obj\stm32f4xx_adc.o
 .text.ADC_SoftwareStartConv
                0x00000000       0x20 ..\obj\stm32f4xx_adc.o
 .text.ADC_GetSoftwareStartConvStatus
                0x00000000       0x38 ..\obj\stm32f4xx_adc.o
 .text.ADC_EOCOnEachRegularChannelCmd
                0x00000000       0x38 ..\obj\stm32f4xx_adc.o
 .text.ADC_ContinuousModeCmd
                0x00000000       0x38 ..\obj\stm32f4xx_adc.o
 .text.ADC_DiscModeChannelCountConfig
                0x00000000       0x4c ..\obj\stm32f4xx_adc.o
 .text.ADC_DiscModeCmd
                0x00000000       0x38 ..\obj\stm32f4xx_adc.o
 .text.ADC_GetConversionValue
                0x00000000       0x1c ..\obj\stm32f4xx_adc.o
 .text.ADC_GetMultiModeConversionValue
                0x00000000       0x18 ..\obj\stm32f4xx_adc.o
 .text.ADC_DMACmd
                0x00000000       0x38 ..\obj\stm32f4xx_adc.o
 .text.ADC_DMARequestAfterLastTransferCmd
                0x00000000       0x38 ..\obj\stm32f4xx_adc.o
 .text.ADC_MultiModeDMARequestAfterLastTransferCmd
                0x00000000       0x4c ..\obj\stm32f4xx_adc.o
 .text.ADC_ExternalTrigInjectedConvConfig
                0x00000000       0x38 ..\obj\stm32f4xx_adc.o
 .text.ADC_ExternalTrigInjectedConvEdgeConfig
                0x00000000       0x38 ..\obj\stm32f4xx_adc.o
 .text.ADC_GetSoftwareStartInjectedConvCmdStatus
                0x00000000       0x38 ..\obj\stm32f4xx_adc.o
 .text.ADC_AutoInjectedConvCmd
                0x00000000       0x38 ..\obj\stm32f4xx_adc.o
 .text.ADC_InjectedDiscModeCmd
                0x00000000       0x38 ..\obj\stm32f4xx_adc.o
 .text.ADC_ITConfig
                0x00000000       0x58 ..\obj\stm32f4xx_adc.o
 .text.ADC_GetITStatus
                0x00000000       0x6c ..\obj\stm32f4xx_adc.o
 .text.ADC_ClearITPendingBit
                0x00000000       0x30 ..\obj\stm32f4xx_adc.o
 .text          0x00000000        0x0 ..\obj\printf.o
 .data          0x00000000      0x430 ..\obj\printf.o
 .bss           0x00000000        0x0 ..\obj\printf.o
 .text.PrintChar
                0x00000000       0x1c ..\obj\printf.o
 .text.snprintf
                0x00000000       0x34 ..\obj\printf.o
 .rodata        0x00000000       0x24 ..\obj\printf.o
 .text.vfprintf
                0x00000000       0x6c ..\obj\printf.o
 .text.vprintf  0x00000000       0x2c ..\obj\printf.o
 .text.fprintf  0x00000000       0x30 ..\obj\printf.o
 .text.printf   0x00000000       0x2c ..\obj\printf.o
 .text.puts     0x00000000       0x28 ..\obj\printf.o
 .text.fputc    0x00000000       0x4c ..\obj\printf.o
 .text.fputs    0x00000000       0x50 ..\obj\printf.o
 .text          0x00000000        0x0 ..\obj\stm32f4xx_gpio.o
 .data          0x00000000        0x0 ..\obj\stm32f4xx_gpio.o
 .bss           0x00000000        0x0 ..\obj\stm32f4xx_gpio.o
 .text.GPIO_DeInit
                0x00000000      0x178 ..\obj\stm32f4xx_gpio.o
 .text.GPIO_PinLockConfig
                0x00000000       0x44 ..\obj\stm32f4xx_gpio.o
 .text.GPIO_ReadInputData
                0x00000000       0x1c ..\obj\stm32f4xx_gpio.o
 .text.GPIO_ReadOutputDataBit
                0x00000000       0x3c ..\obj\stm32f4xx_gpio.o
 .text.GPIO_ReadOutputData
                0x00000000       0x1c ..\obj\stm32f4xx_gpio.o
 .text.GPIO_WriteBit
                0x00000000       0x30 ..\obj\stm32f4xx_gpio.o
 .text.GPIO_Write
                0x00000000       0x1c ..\obj\stm32f4xx_gpio.o
 .text.GPIO_ToggleBits
                0x00000000       0x24 ..\obj\stm32f4xx_gpio.o
 .text          0x00000000       0x16 ..\obj\sh_cmd.o
 .data          0x00000000        0x0 ..\obj\sh_cmd.o
 .bss           0x00000000        0x0 ..\obj\sh_cmd.o
 .ARM.attributes
                0x00000000       0x21 ..\obj\sh_cmd.o
 .debug_line    0x00000000       0x6a ..\obj\sh_cmd.o
 .debug_info    0x00000000       0x8b ..\obj\sh_cmd.o
 .debug_abbrev  0x00000000       0x14 ..\obj\sh_cmd.o
 .debug_aranges
                0x00000000       0x20 ..\obj\sh_cmd.o
 .text          0x00000000        0x0 ..\obj\system_stm32f4xx.o
 .bss           0x00000000        0x0 ..\obj\system_stm32f4xx.o
 .text.SystemCoreClockUpdate
                0x00000000      0x170 ..\obj\system_stm32f4xx.o
 .text          0x00000000        0x0 ..\obj\syscalls.o
 .data          0x00000000        0x0 ..\obj\syscalls.o
 .bss           0x00000000        0x4 ..\obj\syscalls.o
 .text._sbrk    0x00000000       0x5c ..\obj\syscalls.o
 .text.link     0x00000000       0x1c ..\obj\syscalls.o
 .text._close   0x00000000       0x18 ..\obj\syscalls.o
 .text._fstat   0x00000000       0x24 ..\obj\syscalls.o
 .text._isatty  0x00000000       0x18 ..\obj\syscalls.o
 .text._lseek   0x00000000       0x1c ..\obj\syscalls.o
 .text._read    0x00000000       0x1c ..\obj\syscalls.o
 .text._write   0x00000000       0x1c ..\obj\syscalls.o
 .text.abort    0x00000000        0x8 ..\obj\syscalls.o
 .debug_info    0x00000000      0x443 ..\obj\syscalls.o
 .debug_abbrev  0x00000000       0xe4 ..\obj\syscalls.o
 .debug_loc     0x00000000      0x1ec ..\obj\syscalls.o
 .debug_aranges
                0x00000000       0x60 ..\obj\syscalls.o
 .debug_ranges  0x00000000       0x50 ..\obj\syscalls.o
 .debug_line    0x00000000      0x19d ..\obj\syscalls.o
 .debug_str     0x00000000      0x28b ..\obj\syscalls.o
 .comment       0x00000000       0x71 ..\obj\syscalls.o
 .ARM.attributes
                0x00000000       0x33 ..\obj\syscalls.o
 .debug_frame   0x00000000      0x108 ..\obj\syscalls.o
 .text          0x00000000        0x0 ..\obj\adc.o
 .data          0x00000000        0x0 ..\obj\adc.o
 .bss           0x00000000        0x0 ..\obj\adc.o
 .text          0x00000000        0x0 ..\obj\stm32_ub_lcd_2x16.o
 .bss           0x00000000        0x0 ..\obj\stm32_ub_lcd_2x16.o
 .text.UB_LCD_2x16_SetMode
                0x00000000       0x4c ..\obj\stm32_ub_lcd_2x16.o
 .text          0x00000000        0x0 ..\obj\stm32f4xx_tim.o
 .data          0x00000000        0x0 ..\obj\stm32f4xx_tim.o
 .bss           0x00000000        0x0 ..\obj\stm32f4xx_tim.o
 .text.TIM_DeInit
                0x00000000      0x238 ..\obj\stm32f4xx_tim.o
 .text.TIM_TimeBaseStructInit
                0x00000000       0x3c ..\obj\stm32f4xx_tim.o
 .text.TIM_PrescalerConfig
                0x00000000       0x28 ..\obj\stm32f4xx_tim.o
 .text.TIM_CounterModeConfig
                0x00000000       0x38 ..\obj\stm32f4xx_tim.o
 .text.TIM_SetCounter
                0x00000000       0x1c ..\obj\stm32f4xx_tim.o
 .text.TIM_SetAutoreload
                0x00000000       0x1c ..\obj\stm32f4xx_tim.o
 .text.TIM_GetCounter
                0x00000000       0x18 ..\obj\stm32f4xx_tim.o
 .text.TIM_GetPrescaler
                0x00000000       0x1c ..\obj\stm32f4xx_tim.o
 .text.TIM_UpdateDisableConfig
                0x00000000       0x40 ..\obj\stm32f4xx_tim.o
 .text.TIM_UpdateRequestConfig
                0x00000000       0x40 ..\obj\stm32f4xx_tim.o
 .text.TIM_SelectOnePulseMode
                0x00000000       0x38 ..\obj\stm32f4xx_tim.o
 .text.TIM_SetClockDivision
                0x00000000       0x38 ..\obj\stm32f4xx_tim.o
 .text.TIM_OC4Init
                0x00000000       0xe0 ..\obj\stm32f4xx_tim.o
 .text.TIM_OCStructInit
                0x00000000       0x54 ..\obj\stm32f4xx_tim.o
 .text.TIM_SelectOCxM
                0x00000000       0xc0 ..\obj\stm32f4xx_tim.o
 .text.TIM_SetCompare1
                0x00000000       0x1c ..\obj\stm32f4xx_tim.o
 .text.TIM_SetCompare2
                0x00000000       0x1c ..\obj\stm32f4xx_tim.o
 .text.TIM_SetCompare3
                0x00000000       0x1c ..\obj\stm32f4xx_tim.o
 .text.TIM_SetCompare4
                0x00000000       0x1c ..\obj\stm32f4xx_tim.o
 .text.TIM_ForcedOC1Config
                0x00000000       0x38 ..\obj\stm32f4xx_tim.o
 .text.TIM_ForcedOC2Config
                0x00000000       0x40 ..\obj\stm32f4xx_tim.o
 .text.TIM_ForcedOC3Config
                0x00000000       0x38 ..\obj\stm32f4xx_tim.o
 .text.TIM_ForcedOC4Config
                0x00000000       0x40 ..\obj\stm32f4xx_tim.o
 .text.TIM_OC4PreloadConfig
                0x00000000       0x40 ..\obj\stm32f4xx_tim.o
 .text.TIM_OC1FastConfig
                0x00000000       0x38 ..\obj\stm32f4xx_tim.o
 .text.TIM_OC2FastConfig
                0x00000000       0x40 ..\obj\stm32f4xx_tim.o
 .text.TIM_OC3FastConfig
                0x00000000       0x38 ..\obj\stm32f4xx_tim.o
 .text.TIM_OC4FastConfig
                0x00000000       0x40 ..\obj\stm32f4xx_tim.o
 .text.TIM_ClearOC1Ref
                0x00000000       0x38 ..\obj\stm32f4xx_tim.o
 .text.TIM_ClearOC2Ref
                0x00000000       0x44 ..\obj\stm32f4xx_tim.o
 .text.TIM_ClearOC3Ref
                0x00000000       0x38 ..\obj\stm32f4xx_tim.o
 .text.TIM_ClearOC4Ref
                0x00000000       0x44 ..\obj\stm32f4xx_tim.o
 .text.TIM_OC1PolarityConfig
                0x00000000       0x38 ..\obj\stm32f4xx_tim.o
 .text.TIM_OC1NPolarityConfig
                0x00000000       0x38 ..\obj\stm32f4xx_tim.o
 .text.TIM_OC2PolarityConfig
                0x00000000       0x40 ..\obj\stm32f4xx_tim.o
 .text.TIM_OC2NPolarityConfig
                0x00000000       0x40 ..\obj\stm32f4xx_tim.o
 .text.TIM_OC3PolarityConfig
                0x00000000       0x40 ..\obj\stm32f4xx_tim.o
 .text.TIM_OC3NPolarityConfig
                0x00000000       0x40 ..\obj\stm32f4xx_tim.o
 .text.TIM_OC4PolarityConfig
                0x00000000       0x40 ..\obj\stm32f4xx_tim.o
 .text.TIM_CCxCmd
                0x00000000       0x5c ..\obj\stm32f4xx_tim.o
 .text.TIM_CCxNCmd
                0x00000000       0x5c ..\obj\stm32f4xx_tim.o
 .text.TIM_ICInit
                0x00000000       0xa8 ..\obj\stm32f4xx_tim.o
 .text.TIM_ICStructInit
                0x00000000       0x3c ..\obj\stm32f4xx_tim.o
 .text.TIM_PWMIConfig
                0x00000000       0xc4 ..\obj\stm32f4xx_tim.o
 .text.TIM_GetCapture1
                0x00000000       0x18 ..\obj\stm32f4xx_tim.o
 .text.TIM_GetCapture2
                0x00000000       0x18 ..\obj\stm32f4xx_tim.o
 .text.TIM_GetCapture3
                0x00000000       0x18 ..\obj\stm32f4xx_tim.o
 .text.TIM_GetCapture4
                0x00000000       0x18 ..\obj\stm32f4xx_tim.o
 .text.TIM_SetIC1Prescaler
                0x00000000       0x38 ..\obj\stm32f4xx_tim.o
 .text.TIM_SetIC2Prescaler
                0x00000000       0x3c ..\obj\stm32f4xx_tim.o
 .text.TIM_SetIC3Prescaler
                0x00000000       0x38 ..\obj\stm32f4xx_tim.o
 .text.TIM_SetIC4Prescaler
                0x00000000       0x3c ..\obj\stm32f4xx_tim.o
 .text.TIM_BDTRConfig
                0x00000000       0x50 ..\obj\stm32f4xx_tim.o
 .text.TIM_BDTRStructInit
                0x00000000       0x4c ..\obj\stm32f4xx_tim.o
 .text.TIM_CtrlPWMOutputs
                0x00000000       0x50 ..\obj\stm32f4xx_tim.o
 .text.TIM_SelectCOM
                0x00000000       0x40 ..\obj\stm32f4xx_tim.o
 .text.TIM_CCPreloadControl
                0x00000000       0x40 ..\obj\stm32f4xx_tim.o
 .text.TIM_ITConfig
                0x00000000       0x48 ..\obj\stm32f4xx_tim.o
 .text.TIM_GenerateEvent
                0x00000000       0x1c ..\obj\stm32f4xx_tim.o
 .text.TIM_GetFlagStatus
                0x00000000       0x40 ..\obj\stm32f4xx_tim.o
 .text.TIM_ClearFlag
                0x00000000       0x24 ..\obj\stm32f4xx_tim.o
 .text.TIM_GetITStatus
                0x00000000       0x60 ..\obj\stm32f4xx_tim.o
 .text.TIM_ClearITPendingBit
                0x00000000       0x24 ..\obj\stm32f4xx_tim.o
 .text.TIM_DMAConfig
                0x00000000       0x28 ..\obj\stm32f4xx_tim.o
 .text.TIM_DMACmd
                0x00000000       0x48 ..\obj\stm32f4xx_tim.o
 .text.TIM_SelectCCDMA
                0x00000000       0x40 ..\obj\stm32f4xx_tim.o
 .text.TIM_InternalClockConfig
                0x00000000       0x24 ..\obj\stm32f4xx_tim.o
 .text.TIM_ITRxExternalClockConfig
                0x00000000       0x30 ..\obj\stm32f4xx_tim.o
 .text.TIM_TIxExternalClockConfig
                0x00000000       0x58 ..\obj\stm32f4xx_tim.o
 .text.TIM_ETRClockMode1Config
                0x00000000       0x54 ..\obj\stm32f4xx_tim.o
 .text.TIM_ETRClockMode2Config
                0x00000000       0x34 ..\obj\stm32f4xx_tim.o
 .text.TIM_SelectInputTrigger
                0x00000000       0x38 ..\obj\stm32f4xx_tim.o
 .text.TIM_SelectOutputTrigger
                0x00000000       0x38 ..\obj\stm32f4xx_tim.o
 .text.TIM_SelectSlaveMode
                0x00000000       0x38 ..\obj\stm32f4xx_tim.o
 .text.TIM_SelectMasterSlaveMode
                0x00000000       0x38 ..\obj\stm32f4xx_tim.o
 .text.TIM_ETRConfig
                0x00000000       0x4c ..\obj\stm32f4xx_tim.o
 .text.TIM_EncoderInterfaceConfig
                0x00000000       0x94 ..\obj\stm32f4xx_tim.o
 .text.TIM_SelectHallSensor
                0x00000000       0x40 ..\obj\stm32f4xx_tim.o
 .text.TIM_RemapConfig
                0x00000000       0x20 ..\obj\stm32f4xx_tim.o
 .text.TI1_Config
                0x00000000       0x80 ..\obj\stm32f4xx_tim.o
 .text.TI2_Config
                0x00000000       0x9c ..\obj\stm32f4xx_tim.o
 .text.TI3_Config
                0x00000000       0x8c ..\obj\stm32f4xx_tim.o
 .text.TI4_Config
                0x00000000       0xa4 ..\obj\stm32f4xx_tim.o
 .text          0x00000000      0x21c c:/program files (x86)/gnu tools arm embedded/4.7 2013q1/bin/../lib/gcc/arm-none-eabi/4.7.3/armv7e-m\libgcc.a(_arm_addsubsf3.o)
 .data          0x00000000        0x0 c:/program files (x86)/gnu tools arm embedded/4.7 2013q1/bin/../lib/gcc/arm-none-eabi/4.7.3/armv7e-m\libgcc.a(_arm_addsubsf3.o)
 .bss           0x00000000        0x0 c:/program files (x86)/gnu tools arm embedded/4.7 2013q1/bin/../lib/gcc/arm-none-eabi/4.7.3/armv7e-m\libgcc.a(_arm_addsubsf3.o)
 .ARM.attributes
                0x00000000       0x1e c:/program files (x86)/gnu tools arm embedded/4.7 2013q1/bin/../lib/gcc/arm-none-eabi/4.7.3/armv7e-m\libgcc.a(_arm_addsubsf3.o)
 .text          0x00000000      0x2a0 c:/program files (x86)/gnu tools arm embedded/4.7 2013q1/bin/../lib/gcc/arm-none-eabi/4.7.3/armv7e-m\libgcc.a(_arm_muldivsf3.o)
 .data          0x00000000        0x0 c:/program files (x86)/gnu tools arm embedded/4.7 2013q1/bin/../lib/gcc/arm-none-eabi/4.7.3/armv7e-m\libgcc.a(_arm_muldivsf3.o)
 .bss           0x00000000        0x0 c:/program files (x86)/gnu tools arm embedded/4.7 2013q1/bin/../lib/gcc/arm-none-eabi/4.7.3/armv7e-m\libgcc.a(_arm_muldivsf3.o)
 .ARM.attributes
                0x00000000       0x1e c:/program files (x86)/gnu tools arm embedded/4.7 2013q1/bin/../lib/gcc/arm-none-eabi/4.7.3/armv7e-m\libgcc.a(_arm_muldivsf3.o)

Memory Configuration

Name             Origin             Length             Attributes
rom              0x08000000         0x00100000         xr
ram              0x20000000         0x00020000         xrw
ram1             0x10000000         0x00010000         xrw
*default*        0x00000000         0xffffffff

Linker script and memory map

                0x20020000                _eram = 0x20020000

.text           0x08000000     0x30e0
 *(.isr_vector)
 .isr_vector    0x08000000      0x188 ..\obj\startup_stm32f4xx.o
                0x08000000                g_pfnVectors
 *(.text*)
 .text.Init_Teclado
                0x08000188       0x84 ..\obj\teclado.o
                0x08000188                Init_Teclado
 .text.Leer_Teclado
                0x0800020c      0x3c4 ..\obj\teclado.o
                0x0800020c                Leer_Teclado
 .text.armarEntero
                0x080005d0       0xc8 ..\obj\teclado.o
                0x080005d0                armarEntero
 .text.Default_Reset_Handler
                0x08000698       0x70 ..\obj\startup_stm32f4xx.o
                0x08000698                Default_Reset_Handler
                0x08000698                Reset_Handler
 .text.Default_Handler
                0x08000708        0x8 ..\obj\startup_stm32f4xx.o
                0x08000708                RTC_Alarm_IRQHandler
                0x08000708                HASH_RNG_IRQHandler
                0x08000708                EXTI2_IRQHandler
                0x08000708                TIM8_CC_IRQHandler
                0x08000708                TIM1_CC_IRQHandler
                0x08000708                DMA2_Stream5_IRQHandler
                0x08000708                DMA1_Stream5_IRQHandler
                0x08000708                PVD_IRQHandler
                0x08000708                SDIO_IRQHandler
                0x08000708                TAMP_STAMP_IRQHandler
                0x08000708                CAN2_RX1_IRQHandler
                0x08000708                EXTI3_IRQHandler
                0x08000708                TIM8_TRG_COM_TIM14_IRQHandler
                0x08000708                TIM1_UP_TIM10_IRQHandler
                0x08000708                TIM8_UP_TIM13_IRQHandler
                0x08000708                I2C3_ER_IRQHandler
                0x08000708                EXTI0_IRQHandler
                0x08000708                I2C2_EV_IRQHandler
                0x08000708                DMA1_Stream2_IRQHandler
                0x08000708                CAN1_RX0_IRQHandler
                0x08000708                FPU_IRQHandler
                0x08000708                OTG_HS_WKUP_IRQHandler
                0x08000708                CAN2_SCE_IRQHandler
                0x08000708                DMA2_Stream2_IRQHandler
                0x08000708                SPI1_IRQHandler
                0x08000708                TIM6_DAC_IRQHandler
                0x08000708                TIM1_BRK_TIM9_IRQHandler
                0x08000708                DCMI_IRQHandler
                0x08000708                CAN2_RX0_IRQHandler
                0x08000708                DMA2_Stream3_IRQHandler
                0x08000708                USART6_IRQHandler
                0x08000708                USART3_IRQHandler
                0x08000708                CRYP_IRQHandler
                0x08000708                CAN1_RX1_IRQHandler
                0x08000708                UART5_IRQHandler
                0x08000708                DMA2_Stream0_IRQHandler
                0x08000708                TIM4_IRQHandler
                0x08000708                I2C1_EV_IRQHandler
                0x08000708                DMA1_Stream6_IRQHandler
                0x08000708                DMA1_Stream1_IRQHandler
                0x08000708                UART4_IRQHandler
                0x08000708                TIM3_IRQHandler
                0x08000708                RCC_IRQHandler
                0x08000708                TIM8_BRK_TIM12_IRQHandler
                0x08000708                EXTI15_10_IRQHandler
                0x08000708                ADC_IRQHandler
                0x08000708                DMA1_Stream7_IRQHandler
                0x08000708                TIM7_IRQHandler
                0x08000708                CAN2_TX_IRQHandler
                0x08000708                TIM5_IRQHandler
                0x08000708                DMA2_Stream7_IRQHandler
                0x08000708                I2C3_EV_IRQHandler
                0x08000708                EXTI9_5_IRQHandler
                0x08000708                RTC_WKUP_IRQHandler
                0x08000708                ETH_WKUP_IRQHandler
                0x08000708                SPI2_IRQHandler
                0x08000708                OTG_HS_EP1_IN_IRQHandler
                0x08000708                DMA1_Stream0_IRQHandler
                0x08000708                CAN1_TX_IRQHandler
                0x08000708                EXTI4_IRQHandler
                0x08000708                FSMC_IRQHandler
                0x08000708                ETH_IRQHandler
                0x08000708                OTG_HS_EP1_OUT_IRQHandler
                0x08000708                WWDG_IRQHandler
                0x08000708                TIM2_IRQHandler
                0x08000708                OTG_FS_WKUP_IRQHandler
                0x08000708                TIM1_TRG_COM_TIM11_IRQHandler
                0x08000708                OTG_HS_IRQHandler
                0x08000708                EXTI1_IRQHandler
                0x08000708                USART2_IRQHandler
                0x08000708                I2C2_ER_IRQHandler
                0x08000708                DMA2_Stream1_IRQHandler
                0x08000708                CAN1_SCE_IRQHandler
                0x08000708                FLASH_IRQHandler
                0x08000708                DMA2_Stream4_IRQHandler
                0x08000708                USART1_IRQHandler
                0x08000708                OTG_FS_IRQHandler
                0x08000708                SPI3_IRQHandler
                0x08000708                DMA1_Stream4_IRQHandler
                0x08000708                I2C1_ER_IRQHandler
                0x08000708                DMA2_Stream6_IRQHandler
                0x08000708                DMA1_Stream3_IRQHandler
 .text.NVIC_SetPriority
                0x08000710       0x5c ..\obj\main.o
 .text.SysTick_Config
                0x0800076c       0x64 ..\obj\main.o
 .text.declarar_leds
                0x080007d0       0x48 ..\obj\main.o
                0x080007d0                declarar_leds
 .text.TIM_Config
                0x08000818       0x90 ..\obj\main.o
                0x08000818                TIM_Config
 .text.main     0x080008a8      0x814 ..\obj\main.o
                0x080008a8                main
 .text.Delay    0x080010bc       0x30 ..\obj\main.o
                0x080010bc                Delay
 .text.TimingDelay_Decrement
                0x080010ec       0x30 ..\obj\main.o
                0x080010ec                TimingDelay_Decrement
 .text.devolver_temperatura_en_grados
                0x0800111c       0x64 ..\obj\main.o
                0x0800111c                devolver_temperatura_en_grados
 .text.iniciarPWM
                0x08001180      0x150 ..\obj\main.o
                0x08001180                iniciarPWM
 .text.RCC_AHB1PeriphClockCmd
                0x080012d0       0x54 ..\obj\stm32f4xx_rcc.o
                0x080012d0                RCC_AHB1PeriphClockCmd
 .text.RCC_APB1PeriphClockCmd
                0x08001324       0x54 ..\obj\stm32f4xx_rcc.o
                0x08001324                RCC_APB1PeriphClockCmd
 .text.RCC_APB2PeriphClockCmd
                0x08001378       0x54 ..\obj\stm32f4xx_rcc.o
                0x08001378                RCC_APB2PeriphClockCmd
 .text.NMI_Handler
                0x080013cc        0xc ..\obj\stm32f4xx_it.o
                0x080013cc                NMI_Handler
 .text.HardFault_Handler
                0x080013d8        0x8 ..\obj\stm32f4xx_it.o
                0x080013d8                HardFault_Handler
 .text.MemManage_Handler
                0x080013e0        0x8 ..\obj\stm32f4xx_it.o
                0x080013e0                MemManage_Handler
 .text.BusFault_Handler
                0x080013e8        0x8 ..\obj\stm32f4xx_it.o
                0x080013e8                BusFault_Handler
 .text.UsageFault_Handler
                0x080013f0        0x8 ..\obj\stm32f4xx_it.o
                0x080013f0                UsageFault_Handler
 .text.SVC_Handler
                0x080013f8        0xc ..\obj\stm32f4xx_it.o
                0x080013f8                SVC_Handler
 .text.DebugMon_Handler
                0x08001404        0xc ..\obj\stm32f4xx_it.o
                0x08001404                DebugMon_Handler
 .text.PendSV_Handler
                0x08001410        0xc ..\obj\stm32f4xx_it.o
                0x08001410                PendSV_Handler
 .text.SysTick_Handler
                0x0800141c        0xc ..\obj\stm32f4xx_it.o
                0x0800141c                SysTick_Handler
 .text.ADC_Init
                0x08001428       0xb8 ..\obj\stm32f4xx_adc.o
                0x08001428                ADC_Init
 .text.ADC_StructInit
                0x080014e0       0x4c ..\obj\stm32f4xx_adc.o
                0x080014e0                ADC_StructInit
 .text.ADC_CommonInit
                0x0800152c       0x5c ..\obj\stm32f4xx_adc.o
                0x0800152c                ADC_CommonInit
 .text.ADC_CommonStructInit
                0x08001588       0x34 ..\obj\stm32f4xx_adc.o
                0x08001588                ADC_CommonStructInit
 .text.ADC_Cmd  0x080015bc       0x38 ..\obj\stm32f4xx_adc.o
                0x080015bc                ADC_Cmd
 .text.ADC_InjectedChannelConfig
                0x080015f4      0x144 ..\obj\stm32f4xx_adc.o
                0x080015f4                ADC_InjectedChannelConfig
 .text.ADC_InjectedSequencerLengthConfig
                0x08001738       0x4c ..\obj\stm32f4xx_adc.o
                0x08001738                ADC_InjectedSequencerLengthConfig
 .text.ADC_SetInjectedOffset
                0x08001784       0x34 ..\obj\stm32f4xx_adc.o
                0x08001784                ADC_SetInjectedOffset
 .text.ADC_SoftwareStartInjectedConv
                0x080017b8       0x20 ..\obj\stm32f4xx_adc.o
                0x080017b8                ADC_SoftwareStartInjectedConv
 .text.ADC_GetInjectedConversionValue
                0x080017d8       0x34 ..\obj\stm32f4xx_adc.o
                0x080017d8                ADC_GetInjectedConversionValue
 .text.ADC_GetFlagStatus
                0x0800180c       0x3c ..\obj\stm32f4xx_adc.o
                0x0800180c                ADC_GetFlagStatus
 .text.ADC_ClearFlag
                0x08001848       0x20 ..\obj\stm32f4xx_adc.o
                0x08001848                ADC_ClearFlag
 .text.PutChar  0x08001868       0x24 ..\obj\printf.o
                0x08001868                PutChar
 .text.PutString
                0x0800188c       0x48 ..\obj\printf.o
                0x0800188c                PutString
 .text.PutUnsignedInt
                0x080018d4       0xbc ..\obj\printf.o
                0x080018d4                PutUnsignedInt
 .text.PutSignedInt
                0x08001990      0x12c ..\obj\printf.o
                0x08001990                PutSignedInt
 .text.PutHexa  0x08001abc       0xe8 ..\obj\printf.o
                0x08001abc                PutHexa
 .text.vsnprintf
                0x08001ba4      0x2a4 ..\obj\printf.o
                0x08001ba4                vsnprintf
 .text.vsprintf
                0x08001e48       0x28 ..\obj\printf.o
                0x08001e48                vsprintf
 .text.sprintf  0x08001e70       0x30 ..\obj\printf.o
                0x08001e70                sprintf
 .text.GPIO_Init
                0x08001ea0      0x144 ..\obj\stm32f4xx_gpio.o
                0x08001ea0                GPIO_Init
 .text.GPIO_StructInit
                0x08001fe4       0x3c ..\obj\stm32f4xx_gpio.o
                0x08001fe4                GPIO_StructInit
 .text.GPIO_ReadInputDataBit
                0x08002020       0x3c ..\obj\stm32f4xx_gpio.o
                0x08002020                GPIO_ReadInputDataBit
 .text.GPIO_SetBits
                0x0800205c       0x1c ..\obj\stm32f4xx_gpio.o
                0x0800205c                GPIO_SetBits
 .text.GPIO_ResetBits
                0x08002078       0x1c ..\obj\stm32f4xx_gpio.o
                0x08002078                GPIO_ResetBits
 .text.GPIO_PinAFConfig
                0x08002094       0xa8 ..\obj\stm32f4xx_gpio.o
                0x08002094                GPIO_PinAFConfig
 .text.SystemInit
                0x0800213c       0x94 ..\obj\system_stm32f4xx.o
                0x0800213c                SystemInit
 .text.SetSysClock
                0x080021d0      0x188 ..\obj\system_stm32f4xx.o
 .text.adc_inicializar
                0x08002358      0x16c ..\obj\adc.o
                0x08002358                adc_inicializar
 .text.adc_leer_cuentas_PC1
                0x080024c4       0x5c ..\obj\adc.o
                0x080024c4                adc_leer_cuentas_PC1
 .text.adc_leer_cuentas_PC2
                0x08002520       0x5c ..\obj\adc.o
                0x08002520                adc_leer_cuentas_PC2
 .text.UB_LCD_2x16_Init
                0x0800257c       0x44 ..\obj\stm32_ub_lcd_2x16.o
                0x0800257c                UB_LCD_2x16_Init
 .text.UB_LCD_2x16_Clear
                0x080025c0       0x18 ..\obj\stm32_ub_lcd_2x16.o
                0x080025c0                UB_LCD_2x16_Clear
 .text.UB_LCD_2x16_String
                0x080025d8       0x40 ..\obj\stm32_ub_lcd_2x16.o
                0x080025d8                UB_LCD_2x16_String
 .text.P_LCD_2x16_InitIO
                0x08002618       0xe4 ..\obj\stm32_ub_lcd_2x16.o
                0x08002618                P_LCD_2x16_InitIO
 .text.P_LCD_2x16_PinLo
                0x080026fc       0x54 ..\obj\stm32_ub_lcd_2x16.o
                0x080026fc                P_LCD_2x16_PinLo
 .text.P_LCD_2x16_PinHi
                0x08002750       0x54 ..\obj\stm32_ub_lcd_2x16.o
                0x08002750                P_LCD_2x16_PinHi
 .text.P_LCD_2x16_Clk
                0x080027a4       0x28 ..\obj\stm32_ub_lcd_2x16.o
                0x080027a4                P_LCD_2x16_Clk
 .text.P_LCD_2x16_InitSequenz
                0x080027cc       0x78 ..\obj\stm32_ub_lcd_2x16.o
                0x080027cc                P_LCD_2x16_InitSequenz
 .text.P_LCD_2x16_Cmd
                0x08002844      0x100 ..\obj\stm32_ub_lcd_2x16.o
                0x08002844                P_LCD_2x16_Cmd
 .text.P_LCD_2x16_Data
                0x08002944      0x100 ..\obj\stm32_ub_lcd_2x16.o
                0x08002944                P_LCD_2x16_Data
 .text.P_LCD_2x16_Cursor
                0x08002a44       0x50 ..\obj\stm32_ub_lcd_2x16.o
                0x08002a44                P_LCD_2x16_Cursor
 .text.P_LCD_2x16_Delay
                0x08002a94       0x2c ..\obj\stm32_ub_lcd_2x16.o
                0x08002a94                P_LCD_2x16_Delay
 .text.TIM_TimeBaseInit
                0x08002ac0       0xf4 ..\obj\stm32f4xx_tim.o
                0x08002ac0                TIM_TimeBaseInit
 .text.TIM_ARRPreloadConfig
                0x08002bb4       0x40 ..\obj\stm32f4xx_tim.o
                0x08002bb4                TIM_ARRPreloadConfig
 .text.TIM_Cmd  0x08002bf4       0x40 ..\obj\stm32f4xx_tim.o
                0x08002bf4                TIM_Cmd
 .text.TIM_OC1Init
                0x08002c34       0xfc ..\obj\stm32f4xx_tim.o
                0x08002c34                TIM_OC1Init
 .text.TIM_OC2Init
                0x08002d30      0x128 ..\obj\stm32f4xx_tim.o
                0x08002d30                TIM_OC2Init
 .text.TIM_OC3Init
                0x08002e58      0x120 ..\obj\stm32f4xx_tim.o
                0x08002e58                TIM_OC3Init
 .text.TIM_OC1PreloadConfig
                0x08002f78       0x38 ..\obj\stm32f4xx_tim.o
                0x08002f78                TIM_OC1PreloadConfig
 .text.TIM_OC2PreloadConfig
                0x08002fb0       0x40 ..\obj\stm32f4xx_tim.o
                0x08002fb0                TIM_OC2PreloadConfig
 .text.TIM_OC3PreloadConfig
                0x08002ff0       0x38 ..\obj\stm32f4xx_tim.o
                0x08002ff0                TIM_OC3PreloadConfig
 *(.init)
 *(.fini)
 *crtbegin.o(.ctors)
 *crtbegin?.o(.ctors)
 *(EXCLUDE_FILE(*crtend.o *crtend?.o) .ctors)
 *(SORT(.ctors.*))
 *(.ctors)
 *crtbegin.o(.dtors)
 *crtbegin?.o(.dtors)
 *(EXCLUDE_FILE(*crtend.o *crtend?.o) .dtors)
 *(SORT(.dtors.*))
 *(.dtors)
 *(.rodata*)
 .rodata        0x08003028       0xb8 ..\obj\main.o
 *(.eh_fram e*)

.glue_7         0x080030e0        0x0
 .glue_7        0x00000000        0x0 linker stubs

.glue_7t        0x080030e0        0x0
 .glue_7t       0x00000000        0x0 linker stubs

.vfp11_veneer   0x080030e0        0x0
 .vfp11_veneer  0x00000000        0x0 linker stubs

.v4_bx          0x080030e0        0x0
 .v4_bx         0x00000000        0x0 linker stubs

.iplt           0x080030e0        0x0
 .iplt          0x00000000        0x0 ..\obj\semihosting.o

.rel.dyn        0x080030e0        0x0
 .rel.iplt      0x00000000        0x0 ..\obj\semihosting.o

.ARM.extab
 *(.ARM.extab* .gnu.linkonce.armextab.*)
                0x080030e0                __exidx_start = .

.ARM.exidx
 *(.ARM.exidx* .gnu.linkonce.armexidx.*)
                0x080030e0                __exidx_end = .
                0x080030e0                __etext = .
                0x080030e0                _sidata = __etext

.data           0x20000000       0x8c load address 0x080030e0
                0x20000000                __data_start__ = .
                0x20000000                _sdata = __data_start__
 *(vtable)
 *(.data*)
 .data          0x20000000       0x14 ..\obj\system_stm32f4xx.o
                0x20000000                SystemCoreClock
                0x20000004                AHBPrescTable
 .data          0x20000014       0x78 ..\obj\stm32_ub_lcd_2x16.o
                0x20000014                LCD_2X16
                0x2000008c                . = ALIGN (0x4)
                0x2000008c                PROVIDE (__preinit_array_start, .)
 *(.preinit_array)
                0x2000008c                PROVIDE (__preinit_array_end, .)
                0x2000008c                . = ALIGN (0x4)
                0x2000008c                PROVIDE (__init_array_start, .)
 *(SORT(.init_array.*))
 *(.init_array)
                0x2000008c                PROVIDE (__init_array_end, .)
                0x2000008c                . = ALIGN (0x4)
                0x2000008c                PROVIDE (__fini_array_start, .)
 *(SORT(.fini_array.*))
 *(.fini_array)
                0x2000008c                PROVIDE (__fini_array_end, .)
 *(.jcr*)
                0x2000008c                . = ALIGN (0x4)
                0x2000008c                __data_end__ = .
                0x2000008c                _edata = __data_end__

.igot.plt       0x2000008c        0x0 load address 0x0800316c
 .igot.plt      0x00000000        0x0 ..\obj\semihosting.o

.bss            0x2000008c       0x38 load address 0x0800316c
                0x2000008c                . = ALIGN (0x4)
                0x2000008c                __bss_start__ = .
                0x2000008c                _sbss = __bss_start__
 *(.bss*)
 .bss           0x2000008c        0x4 ..\obj\teclado.o
                0x2000008c                retardoFila
 .bss           0x20000090       0x10 ..\obj\main.o
                0x20000090                PrescalerValue
                0x20000094                sensor_numero
                0x20000098                time_ms
 *(COMMON)
 COMMON         0x200000a0       0x24 ..\obj\main.o
                0x200000a0                TIM_TimeBaseStructure
                0x200000ac                adc_valor_obtenido
                0x200000b0                TIM_OCInitStructure
                0x200000c4                . = ALIGN (0x4)
                0x200000c4                __bss_end__ = .
                0x200000c4                _ebss = __bss_end__

.heap           0x200000c4        0x0
                0x200000c4                __end__ = .
                0x200000c4                _end = __end__
                0x200000c4                end = __end__
 *(.heap*)
                0x200000c4                __HeapLimit = .

.co_stack       0x200000c4      0x804 load address 0x080031a4
                0x200000c8                . = ALIGN (0x8)
 *fill*         0x200000c4        0x4 00
 *(.co_stack .co_stack.*)
 .co_stack      0x200000c8      0x800 ..\obj\startup_stm32f4xx.o
                0x200000c8                pulStack
                0x20020000                __StackTop = (ORIGIN (ram) + 0x20000)
                0x2001f7fc                __StackLimit = (__StackTop - SIZEOF (.co_stack))
                0x20020000                PROVIDE (__stack, __StackTop)
                0x00000001                ASSERT ((__StackLimit >= __HeapLimit), region ram  overflowed with stack)
LOAD ..\obj\semihosting.o
LOAD ..\obj\teclado.o
LOAD ..\obj\startup_stm32f4xx.o
LOAD ..\obj\main.o
LOAD ..\obj\stm32f4xx_rcc.o
LOAD ..\obj\stm32f4xx_it.o
LOAD ..\obj\stm32f4xx_adc.o
LOAD ..\obj\printf.o
LOAD ..\obj\stm32f4xx_gpio.o
LOAD ..\obj\sh_cmd.o
LOAD ..\obj\system_stm32f4xx.o
LOAD ..\obj\syscalls.o
LOAD ..\obj\adc.o
LOAD ..\obj\stm32_ub_lcd_2x16.o
LOAD ..\obj\stm32f4xx_tim.o
START GROUP
LOAD c:/program files (x86)/gnu tools arm embedded/4.7 2013q1/bin/../lib/gcc/arm-none-eabi/4.7.3/armv7e-m\libgcc.a
LOAD c:/program files (x86)/gnu tools arm embedded/4.7 2013q1/bin/../lib/gcc/arm-none-eabi/4.7.3/../../../../arm-none-eabi/lib/armv7e-m\libg.a
LOAD c:/program files (x86)/gnu tools arm embedded/4.7 2013q1/bin/../lib/gcc/arm-none-eabi/4.7.3/../../../../arm-none-eabi/lib/armv7e-m\libc.a
END GROUP
OUTPUT(PREHEAT.elf elf32-littlearm)

.debug_info     0x00000000     0x7413
 .debug_info    0x00000000      0x33d ..\obj\teclado.o
 .debug_info    0x0000033d      0x103 ..\obj\startup_stm32f4xx.o
 .debug_info    0x00000440      0xf03 ..\obj\main.o
 .debug_info    0x00001343      0xd49 ..\obj\stm32f4xx_rcc.o
 .debug_info    0x0000208c      0x157 ..\obj\stm32f4xx_it.o
 .debug_info    0x000021e3      0xd14 ..\obj\stm32f4xx_adc.o
 .debug_info    0x00002ef7      0xf65 ..\obj\printf.o
 .debug_info    0x00003e5c      0x640 ..\obj\stm32f4xx_gpio.o
 .debug_info    0x0000449c      0x5f5 ..\obj\system_stm32f4xx.o
 .debug_info    0x00004a91      0x54e ..\obj\adc.o
 .debug_info    0x00004fdf      0x5b7 ..\obj\stm32_ub_lcd_2x16.o
 .debug_info    0x00005596     0x1e7d ..\obj\stm32f4xx_tim.o

.debug_abbrev   0x00000000     0x1231
 .debug_abbrev  0x00000000      0x16d ..\obj\teclado.o
 .debug_abbrev  0x0000016d       0xb2 ..\obj\startup_stm32f4xx.o
 .debug_abbrev  0x0000021f      0x255 ..\obj\main.o
 .debug_abbrev  0x00000474      0x1e5 ..\obj\stm32f4xx_rcc.o
 .debug_abbrev  0x00000659       0x7f ..\obj\stm32f4xx_it.o
 .debug_abbrev  0x000006d8      0x198 ..\obj\stm32f4xx_adc.o
 .debug_abbrev  0x00000870      0x262 ..\obj\printf.o
 .debug_abbrev  0x00000ad2      0x1a5 ..\obj\stm32f4xx_gpio.o
 .debug_abbrev  0x00000c77      0x138 ..\obj\system_stm32f4xx.o
 .debug_abbrev  0x00000daf      0x126 ..\obj\adc.o
 .debug_abbrev  0x00000ed5      0x1d3 ..\obj\stm32_ub_lcd_2x16.o
 .debug_abbrev  0x000010a8      0x189 ..\obj\stm32f4xx_tim.o

.debug_loc      0x00000000     0x3560
 .debug_loc     0x00000000       0x9c ..\obj\teclado.o
 .debug_loc     0x0000009c       0x64 ..\obj\startup_stm32f4xx.o
 .debug_loc     0x00000100      0x21a ..\obj\main.o
 .debug_loc     0x0000031a      0x97c ..\obj\stm32f4xx_rcc.o
 .debug_loc     0x00000c96      0x18c ..\obj\stm32f4xx_it.o
 .debug_loc     0x00000e22      0x838 ..\obj\stm32f4xx_adc.o
 .debug_loc     0x0000165a      0x3ea ..\obj\printf.o
 .debug_loc     0x00001a44      0x310 ..\obj\stm32f4xx_gpio.o
 .debug_loc     0x00001d54       0x9c ..\obj\system_stm32f4xx.o
 .debug_loc     0x00001df0       0xa8 ..\obj\adc.o
 .debug_loc     0x00001e98      0x2a8 ..\obj\stm32_ub_lcd_2x16.o
 .debug_loc     0x00002140     0x1420 ..\obj\stm32f4xx_tim.o

.debug_aranges  0x00000000      0x8e0
 .debug_aranges
                0x00000000       0x30 ..\obj\teclado.o
 .debug_aranges
                0x00000030       0x28 ..\obj\startup_stm32f4xx.o
 .debug_aranges
                0x00000058       0x68 ..\obj\main.o
 .debug_aranges
                0x000000c0      0x178 ..\obj\stm32f4xx_rcc.o
 .debug_aranges
                0x00000238       0x60 ..\obj\stm32f4xx_it.o
 .debug_aranges
                0x00000298      0x148 ..\obj\stm32f4xx_adc.o
 .debug_aranges
                0x000003e0       0xa0 ..\obj\printf.o
 .debug_aranges
                0x00000480       0x88 ..\obj\stm32f4xx_gpio.o
 .debug_aranges
                0x00000508       0x30 ..\obj\system_stm32f4xx.o
 .debug_aranges
                0x00000538       0x30 ..\obj\adc.o
 .debug_aranges
                0x00000568       0x80 ..\obj\stm32_ub_lcd_2x16.o
 .debug_aranges
                0x000005e8      0x2f8 ..\obj\stm32f4xx_tim.o

.debug_ranges   0x00000000      0x820
 .debug_ranges  0x00000000       0x20 ..\obj\teclado.o
 .debug_ranges  0x00000020       0x18 ..\obj\startup_stm32f4xx.o
 .debug_ranges  0x00000038       0x58 ..\obj\main.o
 .debug_ranges  0x00000090      0x168 ..\obj\stm32f4xx_rcc.o
 .debug_ranges  0x000001f8       0x50 ..\obj\stm32f4xx_it.o
 .debug_ranges  0x00000248      0x138 ..\obj\stm32f4xx_adc.o
 .debug_ranges  0x00000380       0x90 ..\obj\printf.o
 .debug_ranges  0x00000410       0x78 ..\obj\stm32f4xx_gpio.o
 .debug_ranges  0x00000488       0x20 ..\obj\system_stm32f4xx.o
 .debug_ranges  0x000004a8       0x20 ..\obj\adc.o
 .debug_ranges  0x000004c8       0x70 ..\obj\stm32_ub_lcd_2x16.o
 .debug_ranges  0x00000538      0x2e8 ..\obj\stm32f4xx_tim.o

.debug_line     0x00000000     0x2b8f
 .debug_line    0x00000000      0x291 ..\obj\teclado.o
 .debug_line    0x00000291       0x98 ..\obj\startup_stm32f4xx.o
 .debug_line    0x00000329      0x3d7 ..\obj\main.o
 .debug_line    0x00000700      0x546 ..\obj\stm32f4xx_rcc.o
 .debug_line    0x00000c46      0x1c3 ..\obj\stm32f4xx_it.o
 .debug_line    0x00000e09      0x4ff ..\obj\stm32f4xx_adc.o
 .debug_line    0x00001308      0x3f1 ..\obj\printf.o
 .debug_line    0x000016f9      0x2ea ..\obj\stm32f4xx_gpio.o
 .debug_line    0x000019e3      0x1a8 ..\obj\system_stm32f4xx.o
 .debug_line    0x00001b8b      0x201 ..\obj\adc.o
 .debug_line    0x00001d8c      0x3df ..\obj\stm32_ub_lcd_2x16.o
 .debug_line    0x0000216b      0xa24 ..\obj\stm32f4xx_tim.o

.debug_str      0x00000000     0x2e32
 .debug_str     0x00000000      0x2e7 ..\obj\teclado.o
                                0x328 (size before relaxing)
 .debug_str     0x000002e7       0xa6 ..\obj\startup_stm32f4xx.o
                                0x10a (size before relaxing)
 .debug_str     0x0000038d      0x9d3 ..\obj\main.o
                                0xc9e (size before relaxing)
 .debug_str     0x00000d60      0x655 ..\obj\stm32f4xx_rcc.o
                                0x7e9 (size before relaxing)
 .debug_str     0x000013b5       0xce ..\obj\stm32f4xx_it.o
                                0x1b9 (size before relaxing)
 .debug_str     0x00001483      0x637 ..\obj\stm32f4xx_adc.o
                                0x79d (size before relaxing)
 .debug_str     0x00001aba      0x4b7 ..\obj\printf.o
                                0x613 (size before relaxing)
 .debug_str     0x00001f71      0x199 ..\obj\stm32f4xx_gpio.o
                                0x43c (size before relaxing)
 .debug_str     0x0000210a       0xaa ..\obj\system_stm32f4xx.o
                                0x343 (size before relaxing)
 .debug_str     0x000021b4       0x9c ..\obj\adc.o
                                0x4a1 (size before relaxing)
 .debug_str     0x00002250      0x1ee ..\obj\stm32_ub_lcd_2x16.o
                                0x4bb (size before relaxing)
 .debug_str     0x0000243e      0x9f4 ..\obj\stm32f4xx_tim.o
                                0xd69 (size before relaxing)

.comment        0x00000000       0x70
 .comment       0x00000000       0x70 ..\obj\teclado.o
                                 0x71 (size before relaxing)
 .comment       0x00000000       0x71 ..\obj\startup_stm32f4xx.o
 .comment       0x00000000       0x71 ..\obj\main.o
 .comment       0x00000000       0x71 ..\obj\stm32f4xx_rcc.o
 .comment       0x00000000       0x71 ..\obj\stm32f4xx_it.o
 .comment       0x00000000       0x71 ..\obj\stm32f4xx_adc.o
 .comment       0x00000000       0x71 ..\obj\printf.o
 .comment       0x00000000       0x71 ..\obj\stm32f4xx_gpio.o
 .comment       0x00000000       0x71 ..\obj\system_stm32f4xx.o
 .comment       0x00000000       0x71 ..\obj\adc.o
 .comment       0x00000000       0x71 ..\obj\stm32_ub_lcd_2x16.o
 .comment       0x00000000       0x71 ..\obj\stm32f4xx_tim.o

.ARM.attributes
                0x00000000       0x31
 .ARM.attributes
                0x00000000       0x33 ..\obj\teclado.o
 .ARM.attributes
                0x00000033       0x33 ..\obj\startup_stm32f4xx.o
 .ARM.attributes
                0x00000066       0x33 ..\obj\main.o
 .ARM.attributes
                0x00000099       0x33 ..\obj\stm32f4xx_rcc.o
 .ARM.attributes
                0x000000cc       0x33 ..\obj\stm32f4xx_it.o
 .ARM.attributes
                0x000000ff       0x33 ..\obj\stm32f4xx_adc.o
 .ARM.attributes
                0x00000132       0x33 ..\obj\printf.o
 .ARM.attributes
                0x00000165       0x33 ..\obj\stm32f4xx_gpio.o
 .ARM.attributes
                0x00000198       0x33 ..\obj\system_stm32f4xx.o
 .ARM.attributes
                0x000001cb       0x33 ..\obj\adc.o
 .ARM.attributes
                0x000001fe       0x33 ..\obj\stm32_ub_lcd_2x16.o
 .ARM.attributes
                0x00000231       0x33 ..\obj\stm32f4xx_tim.o

.debug_frame    0x00000000     0x1c6c
 .debug_frame   0x00000000       0x68 ..\obj\teclado.o
 .debug_frame   0x00000068       0x48 ..\obj\startup_stm32f4xx.o
 .debug_frame   0x000000b0      0x13c ..\obj\main.o
 .debug_frame   0x000001ec      0x4d8 ..\obj\stm32f4xx_rcc.o
 .debug_frame   0x000006c4       0xec ..\obj\stm32f4xx_it.o
 .debug_frame   0x000007b0      0x434 ..\obj\stm32f4xx_adc.o
 .debug_frame   0x00000be4      0x248 ..\obj\printf.o
 .debug_frame   0x00000e2c      0x19c ..\obj\stm32f4xx_gpio.o
 .debug_frame   0x00000fc8       0x64 ..\obj\system_stm32f4xx.o
 .debug_frame   0x0000102c       0x70 ..\obj\adc.o
 .debug_frame   0x0000109c      0x194 ..\obj\stm32_ub_lcd_2x16.o
 .debug_frame   0x00001230      0xa3c ..\obj\stm32f4xx_tim.o
